// Jest Snapshot v1, https://goo.gl/fbAQLP

exports[`Storyshots parts/commons/EmojiRadioGroup Default 1`] = `
Object {
  "asFragment": [Function],
  "baseElement": <body>
    <div>
      <div
        class="MuiBox-root css-1ruxp1v"
      >
        <div
          class="MuiBox-root css-120nera"
        >
          <div
            class="MuiBox-root css-4rgiqd"
          >
            <div
              class="MuiBox-root css-186alq0"
            >
              <span
                aria-label="ðŸ˜­, sob"
                class="emoji-mart-emoji"
              >
                <span
                  style="width: 24px; height: 24px; display: inline-block; background-image: url(https://unpkg.com/emoji-datasource-apple@5.0.1/img/apple/sheets-256/64.png); background-size: 5700% 5700%; background-position: 55.35714285714286% 41.07142857142858%;"
                />
              </span>
            </div>
          </div>
          <div
            class="MuiBox-root css-51pf4d"
          >
            <div
              class="MuiBox-root css-186alq0"
            >
              <span
                aria-label="ðŸ˜•, confused"
                class="emoji-mart-emoji"
              >
                <span
                  style="width: 24px; height: 24px; display: inline-block; background-image: url(https://unpkg.com/emoji-datasource-apple@5.0.1/img/apple/sheets-256/64.png); background-size: 5700% 5700%; background-position: 53.57142857142858% 100%;"
                />
              </span>
            </div>
          </div>
          <div
            class="MuiBox-root css-51pf4d"
          >
            <div
              class="MuiBox-root css-186alq0"
            >
              <span
                aria-label="ðŸ˜€, grinning"
                class="emoji-mart-emoji"
              >
                <span
                  style="width: 24px; height: 24px; display: inline-block; background-image: url(https://unpkg.com/emoji-datasource-apple@5.0.1/img/apple/sheets-256/64.png); background-size: 5700% 5700%; background-position: 53.57142857142858% 62.5%;"
                />
              </span>
            </div>
          </div>
          <div
            class="MuiBox-root css-51pf4d"
          >
            <div
              class="MuiBox-root css-186alq0"
            >
              <span
                aria-label="ðŸ¤©, star-struck, grinning_face_with_star_eyes"
                class="emoji-mart-emoji"
              >
                <span
                  style="width: 24px; height: 24px; display: inline-block; background-image: url(https://unpkg.com/emoji-datasource-apple@5.0.1/img/apple/sheets-256/64.png); background-size: 5700% 5700%; background-position: 67.85714285714286% 76.78571428571429%;"
                />
              </span>
            </div>
          </div>
        </div>
      </div>
    </div>
  </body>,
  "container": <div>
    <div
      class="MuiBox-root css-1ruxp1v"
    >
      <div
        class="MuiBox-root css-120nera"
      >
        <div
          class="MuiBox-root css-4rgiqd"
        >
          <div
            class="MuiBox-root css-186alq0"
          >
            <span
              aria-label="ðŸ˜­, sob"
              class="emoji-mart-emoji"
            >
              <span
                style="width: 24px; height: 24px; display: inline-block; background-image: url(https://unpkg.com/emoji-datasource-apple@5.0.1/img/apple/sheets-256/64.png); background-size: 5700% 5700%; background-position: 55.35714285714286% 41.07142857142858%;"
              />
            </span>
          </div>
        </div>
        <div
          class="MuiBox-root css-51pf4d"
        >
          <div
            class="MuiBox-root css-186alq0"
          >
            <span
              aria-label="ðŸ˜•, confused"
              class="emoji-mart-emoji"
            >
              <span
                style="width: 24px; height: 24px; display: inline-block; background-image: url(https://unpkg.com/emoji-datasource-apple@5.0.1/img/apple/sheets-256/64.png); background-size: 5700% 5700%; background-position: 53.57142857142858% 100%;"
              />
            </span>
          </div>
        </div>
        <div
          class="MuiBox-root css-51pf4d"
        >
          <div
            class="MuiBox-root css-186alq0"
          >
            <span
              aria-label="ðŸ˜€, grinning"
              class="emoji-mart-emoji"
            >
              <span
                style="width: 24px; height: 24px; display: inline-block; background-image: url(https://unpkg.com/emoji-datasource-apple@5.0.1/img/apple/sheets-256/64.png); background-size: 5700% 5700%; background-position: 53.57142857142858% 62.5%;"
              />
            </span>
          </div>
        </div>
        <div
          class="MuiBox-root css-51pf4d"
        >
          <div
            class="MuiBox-root css-186alq0"
          >
            <span
              aria-label="ðŸ¤©, star-struck, grinning_face_with_star_eyes"
              class="emoji-mart-emoji"
            >
              <span
                style="width: 24px; height: 24px; display: inline-block; background-image: url(https://unpkg.com/emoji-datasource-apple@5.0.1/img/apple/sheets-256/64.png); background-size: 5700% 5700%; background-position: 67.85714285714286% 76.78571428571429%;"
              />
            </span>
          </div>
        </div>
      </div>
    </div>
  </div>,
  "debug": [Function],
  "findAllByAltText": [Function],
  "findAllByDisplayValue": [Function],
  "findAllByLabelText": [Function],
  "findAllByPlaceholderText": [Function],
  "findAllByRole": [Function],
  "findAllByTestId": [Function],
  "findAllByText": [Function],
  "findAllByTitle": [Function],
  "findByAltText": [Function],
  "findByDisplayValue": [Function],
  "findByLabelText": [Function],
  "findByPlaceholderText": [Function],
  "findByRole": [Function],
  "findByTestId": [Function],
  "findByText": [Function],
  "findByTitle": [Function],
  "getAllByAltText": [Function],
  "getAllByDisplayValue": [Function],
  "getAllByLabelText": [Function],
  "getAllByPlaceholderText": [Function],
  "getAllByRole": [Function],
  "getAllByTestId": [Function],
  "getAllByText": [Function],
  "getAllByTitle": [Function],
  "getByAltText": [Function],
  "getByDisplayValue": [Function],
  "getByLabelText": [Function],
  "getByPlaceholderText": [Function],
  "getByRole": [Function],
  "getByTestId": [Function],
  "getByText": [Function],
  "getByTitle": [Function],
  "queryAllByAltText": [Function],
  "queryAllByDisplayValue": [Function],
  "queryAllByLabelText": [Function],
  "queryAllByPlaceholderText": [Function],
  "queryAllByRole": [Function],
  "queryAllByTestId": [Function],
  "queryAllByText": [Function],
  "queryAllByTitle": [Function],
  "queryByAltText": [Function],
  "queryByDisplayValue": [Function],
  "queryByLabelText": [Function],
  "queryByPlaceholderText": [Function],
  "queryByRole": [Function],
  "queryByTestId": [Function],
  "queryByText": [Function],
  "queryByTitle": [Function],
  "rerender": [Function],
  "unmount": [Function],
}
`;
